2004.11.19 19:58 A E:\My Documents\files\bogeygame\air1.htm <-- WorldNet /bogeygame/files air1.htm
2004.11.19 19:58 A E:\My Documents\files\bogeygame\air2.htm <-- WorldNet /bogeygame/files air2.htm
2004.11.19 19:58 B E:\My Documents\files\bogeygame\bdance2.gif <-- WorldNet /bogeygame/files bdance2.gif
2004.11.19 19:58 A E:\My Documents\files\bogeygame\bigwin.htm <-- WorldNet /bogeygame/files bigwin.htm
2004.11.19 19:58 B E:\My Documents\files\bogeygame\bogeyjoy.gif <-- WorldNet /bogeygame/files bogeyjoy.gif
2004.11.19 19:58 B E:\My Documents\files\bogeygame\bogeymad2.gif <-- WorldNet /bogeygame/files bogeymad2.gif
2004.11.19 19:58 B E:\My Documents\files\bogeygame\bogeyt.gif <-- WorldNet /bogeygame/files bogeyt.gif
2004.11.19 19:58 A E:\My Documents\files\bogeygame\bogeywin.htm <-- WorldNet /bogeygame/files bogeywin.htm
2004.11.19 19:58 B E:\My Documents\files\bogeygame\bw1.gif <-- WorldNet /bogeygame/files bw1.gif
2004.11.19 19:58 B E:\My Documents\files\bogeygame\bw2.gif <-- WorldNet /bogeygame/files bw2.gif
2004.11.19 19:58 B E:\My Documents\files\bogeygame\bw3.gif <-- WorldNet /bogeygame/files bw3.gif
2004.11.19 19:58 B E:\My Documents\files\bogeygame\bw4.gif <-- WorldNet /bogeygame/files bw4.gif
2004.11.19 19:58 A E:\My Documents\files\bogeygame\comicframe2.htm <-- WorldNet /bogeygame/files comicframe2.htm
2004.11.19 19:58 B E:\My Documents\files\bogeygame\exp.gif <-- WorldNet /bogeygame/files exp.gif
2004.11.19 19:58 A E:\My Documents\files\bogeygame\final.htm <-- WorldNet /bogeygame/files final.htm
2004.11.19 19:58 A E:\My Documents\files\bogeygame\gametest.htm <-- WorldNet /bogeygame/files gametest.htm
2004.11.19 19:58 A E:\My Documents\files\bogeygame\gametest2.htm <-- WorldNet /bogeygame/files gametest2.htm
2004.11.19 19:58 A E:\My Documents\files\bogeygame\gametest3.htm <-- WorldNet /bogeygame/files gametest3.htm
2004.11.19 19:58 A E:\My Documents\files\bogeygame\gametest4.htm <-- WorldNet /bogeygame/files gametest4.htm
2004.11.19 19:58 A E:\My Documents\files\bogeygame\go1.htm <-- WorldNet /bogeygame/files go1.htm
2004.11.19 19:58 A E:\My Documents\files\bogeygame\go2.htm <-- WorldNet /bogeygame/files go2.htm
2004.11.19 19:58 A E:\My Documents\files\bogeygame\go3.htm <-- WorldNet /bogeygame/files go3.htm
2004.11.19 19:58 A E:\My Documents\files\bogeygame\intro.htm <-- WorldNet /bogeygame/files intro.htm
2004.11.19 19:58 A E:\My Documents\files\bogeygame\more.htm <-- WorldNet /bogeygame/files more.htm
2004.11.19 19:58 B E:\My Documents\files\bogeygame\raddargh.gif <-- WorldNet /bogeygame/files raddargh.gif
2004.11.19 19:58 B E:\My Documents\files\bogeygame\raddback.gif <-- WorldNet /bogeygame/files raddback.gif
2004.11.19 19:58 B E:\My Documents\files\bogeygame\raddback2.gif <-- WorldNet /bogeygame/files raddback2.gif
2004.11.19 19:58 A E:\My Documents\files\bogeygame\raddbash.htm <-- WorldNet /bogeygame/files raddbash.htm
2004.11.19 19:58 B E:\My Documents\files\bogeygame\raddbutt.gif <-- WorldNet /bogeygame/files raddbutt.gif
2004.11.19 19:58 B E:\My Documents\files\bogeygame\raddleft.gif <-- WorldNet /bogeygame/files raddleft.gif
2004.11.19 19:58 B E:\My Documents\files\bogeygame\raddright.gif <-- WorldNet /bogeygame/files raddright.gif
2004.11.19 19:58 B E:\My Documents\files\bogeygame\raddrock.gif <-- WorldNet /bogeygame/files raddrock.gif
2004.11.19 19:58 A E:\My Documents\files\bogeygame\random.htm <-- WorldNet /bogeygame/files random.htm
2004.11.19 19:58 A E:\My Documents\files\bogeygame\random1.htm <-- WorldNet /bogeygame/files random1.htm
2004.11.19 19:58 A E:\My Documents\files\bogeygame\random2.htm <-- WorldNet /bogeygame/files random2.htm
2004.11.19 19:58 A E:\My Documents\files\bogeygame\random3.htm <-- WorldNet /bogeygame/files random3.htm
2004.11.19 19:58 A E:\My Documents\files\bogeygame\random4.htm <-- WorldNet /bogeygame/files random4.htm
2004.11.19 19:58 A E:\My Documents\files\bogeygame\random5.htm <-- WorldNet /bogeygame/files random5.htm
2004.11.19 19:58 B E:\My Documents\files\bogeygame\rheadack.gif <-- WorldNet /bogeygame/files rheadack.gif
2004.11.19 19:58 B E:\My Documents\files\bogeygame\rheadmad.gif <-- WorldNet /bogeygame/files rheadmad.gif
2004.11.19 19:58 B E:\My Documents\files\bogeygame\rheadwow.gif <-- WorldNet /bogeygame/files rheadwow.gif
2004.11.19 19:58 A E:\My Documents\files\bogeygame\shootme1.htm <-- WorldNet /bogeygame/files shootme1.htm
2004.11.19 19:58 A E:\My Documents\files\bogeygame\shootme2.htm <-- WorldNet /bogeygame/files shootme2.htm
2004.11.19 19:58 A E:\My Documents\files\bogeygame\shootme3.htm <-- WorldNet /bogeygame/files shootme3.htm
2004.11.19 19:58 A E:\My Documents\files\bogeygame\shootme4.htm <-- WorldNet /bogeygame/files shootme4.htm
2004.11.19 19:58 A E:\My Documents\files\bogeygame\shootme5.htm <-- WorldNet /bogeygame/files shootme5.htm
2004.11.19 19:58 A E:\My Documents\files\bogeygame\shootme6.htm <-- WorldNet /bogeygame/files shootme6.htm
2004.11.19 19:58 A E:\My Documents\files\bogeygame\shootme7.htm <-- WorldNet /bogeygame/files shootme7.htm
2004.11.19 19:58 A E:\My Documents\files\bogeygame\shootme8.htm <-- WorldNet /bogeygame/files shootme8.htm
2004.11.19 19:58 A E:\My Documents\files\bogeygame\shootme9.htm <-- WorldNet /bogeygame/files shootme9.htm
2004.11.19 19:58 B E:\My Documents\files\bogeygame\spacer.gif <-- WorldNet /bogeygame/files spacer.gif
2004.11.19 19:58 A E:\My Documents\files\bogeygame\start.htm <-- WorldNet /bogeygame/files start.htm
2004.11.19 19:58 A E:\My Documents\files\bogeygame\start2.htm <-- WorldNet /bogeygame/files start2.htm
2004.11.19 19:58 A E:\My Documents\files\bogeygame\start3.htm <-- WorldNet /bogeygame/files start3.htm
2004.11.19 19:58 A E:\My Documents\files\bogeygame\start4.htm <-- WorldNet /bogeygame/files start4.htm
2004.11.19 19:58 A E:\My Documents\files\bogeygame\timer2.htm <-- WorldNet /bogeygame/files timer2.htm
2004.11.19 19:58 A E:\My Documents\files\bogeygame\timer3.htm <-- WorldNet /bogeygame/files timer3.htm
2004.11.19 19:58 A E:\My Documents\files\bogeygame\timer4.htm <-- WorldNet /bogeygame/files timer4.htm
2004.11.19 19:58 A E:\My Documents\files\bogeygame\win1.htm <-- WorldNet /bogeygame/files win1.htm
2004.11.19 19:59 A E:\My Documents\files\bogeygame\winb.htm <-- WorldNet /bogeygame/files winb.htm
2004.11.19 19:59 A E:\My Documents\files\bogeygame\intro.htm <-- WorldNet /bogeygame intro.htm
2004.11.19 19:59 A E:\My Documents\files\bogeygame\intro.htm <-- WorldNet /bogeygame intro.htm
